>>> matrix_mul([[1, 2]], [[3, 4], [5, 6]])
[[13, 16]]

>>> matrix_mul([[1, 2], [3, 4]], [[1, 2], [3, 4]])
[[7, 10], [15, 22]]

>>> matrix_mul([[1, 2, 3]], [[4], [5], [6]])
[[32]]

>>> matrix_mul([[1, 2]], [[3], [4]])
Traceback (most recent call last):
    ...
ValueError: m_a and m_b can't be multiplied

>>> matrix_mul([], [[1]])
Traceback (most recent call last):
    ...
ValueError: m_a can't be empty

