>>> lazy_matrix_mul([[1, 2]], [[3, 4], [5, 6]])
[[13.0, 16.0]]

>>> lazy_matrix_mul([[1, 2], [3, 4]], [[1, 2], [3, 4]])
[[7.0, 10.0], [15.0, 22.0]]

>>> lazy_matrix_mul("Holberton", [[5, 6], [7, 8]])
Traceback (most recent call last):
    ...
TypeError: m_a and m_b must be lists of lists containing numbers

>>> lazy_matrix_mul([[5, 6], [7, 8]], "Holberton")
Traceback (most recent call last):
    ...
TypeError: m_a and m_b must be lists of lists containing numbers

>>> lazy_matrix_mul([1, 2, 3, 4], [[5, 6], [7, 8]])
Traceback (most recent call last):
    ...
TypeError: m_a and m_b must be lists of lists containing numbers

>>> lazy_matrix_mul([[5, 6], [7, 8]], [[]])
Traceback (most recent call last):
    ...
ValueError: m_a and m_b can't be empty

>>> lazy_matrix_mul([[]], [[5, 6], [7, 8]])
Traceback (most recent call last):
    ...
ValueError: m_a and m_b can't be empty

>>> lazy_matrix_mul([[5, 6, 10], [7, 8]], [[5, 6], [7, 8]])
Traceback (most recent call last):
    ...
ValueError: m_a and m_b can't be multiplied

>>> lazy_matrix_mul([[1, 2, 3], [3, 4, 5]], [[1, 2], [3, 4]])
Traceback (most recent call last):
    ...
ValueError: m_a and m_b can't be multiplied

